============================= test session starts =============================
platform win32 -- Python 3.13.1, pytest-9.0.2, pluggy-1.6.0 -- C:\Users\galh2\AppData\Local\Programs\Python\Python313\python.exe
cachedir: .pytest_cache
rootdir: C:\Users\galh2\Documents\GitHub\DeepGit
configfile: pyproject.toml
plugins: anyio-4.8.0, cov-6.0.0, timeout-2.4.0, xdist-3.6.1
collecting ... collected 5 items

tests/cli/test_commit_flags_healing.py::test_commit_all_flag FAILED      [ 20%]
tests/cli/test_commit_flags_healing.py::test_commit_allow_empty PASSED   [ 40%]
tests/cli/test_commit_flags_healing.py::test_commit_amend PASSED         [ 60%]
tests/cli/test_commit_flags_healing.py::test_commit_sign_flag PASSED     [ 80%]
tests/cli/test_commit_flags_healing.py::test_commit_amend_empty_fail FAILED [100%]

================================== FAILURES ===================================
____________________________ test_commit_all_flag _____________________________

tmp_repo_with_init = WindowsPath('C:/Users/galh2/AppData/Local/Temp/pytest-of-galh2/pytest-2486/test_commit_all_flag0/.deep')

    def test_commit_all_flag(tmp_repo_with_init):
        """Verify deep commit -a stages modified tracked files but ignores untracked."""
        repo_dir = tmp_repo_with_init.parent
    
        # 1. Setup: tracked file
        f1 = repo_dir / "tracked.txt"
        f1.write_text("v1")
        subprocess.run(["deep", "add", "tracked.txt"], cwd=str(repo_dir), check=True)
        subprocess.run(["deep", "commit", "-m", "initial"], cwd=str(repo_dir), check=True)
    
        # 2. Modify tracked and create untracked
        f1.write_text("v2")
        f2 = repo_dir / "untracked.txt"
        f2.write_text("new")
    
        # 3. Commit -a
>       subprocess.run(["deep", "commit", "-a", "-m", "commit all"], cwd=str(repo_dir), check=True)

tests\cli\test_commit_flags_healing.py:34: 
_ _ _ _ _ _ _ _ _ _ _ _ _ _ _ _ _ _ _ _ _ _ _ _ _ _ _ _ _ _ _ _ _ _ _ _ _ _ _ _
src\deep\core\runtime_guard.py:94: in _guarded_run
    return _original_run(args, *a, **kw)
           ^^^^^^^^^^^^^^^^^^^^^^^^^^^^^
tests\conftest.py:72: in audited_run
    return ORIGINAL_RUN(*args, **kwargs)
           ^^^^^^^^^^^^^^^^^^^^^^^^^^^^^
_ _ _ _ _ _ _ _ _ _ _ _ _ _ _ _ _ _ _ _ _ _ _ _ _ _ _ _ _ _ _ _ _ _ _ _ _ _ _ _

input = None, capture_output = False, timeout = None, check = True
popenargs = (['deep', 'commit', '-a', '-m', 'commit all'],)
kwargs = {'cwd': 'C:\\Users\\galh2\\AppData\\Local\\Temp\\pytest-of-galh2\\pytest-2486\\test_commit_all_flag0'}
process = <audited_popen: returncode: 1 args: ['deep', 'commit', '-a', '-m', 'commit a...>
stdout = None, stderr = None, retcode = 1

    def run(*popenargs,
            input=None, capture_output=False, timeout=None, check=False, **kwargs):
        """Run command with arguments and return a CompletedProcess instance.
    
        The returned instance will have attributes args, returncode, stdout and
        stderr. By default, stdout and stderr are not captured, and those attributes
        will be None. Pass stdout=PIPE and/or stderr=PIPE in order to capture them,
        or pass capture_output=True to capture both.
    
        If check is True and the exit code was non-zero, it raises a
        CalledProcessError. The CalledProcessError object will have the return code
        in the returncode attribute, and output & stderr attributes if those streams
        were captured.
    
        If timeout is given, and the process takes too long, a TimeoutExpired
        exception will be raised.
    
        There is an optional argument "input", allowing you to
        pass bytes or a string to the subprocess's stdin.  If you use this argument
        you may not also use the Popen constructor's "stdin" argument, as
        it will be used internally.
    
        By default, all communication is in bytes, and therefore any "input" should
        be bytes, and the stdout and stderr will be bytes. If in text mode, any
        "input" should be a string, and stdout and stderr will be strings decoded
        according to locale encoding, or by "encoding" if set. Text mode is
        triggered by setting any of text, encoding, errors or universal_newlines.
    
        The other arguments are the same as for the Popen constructor.
        """
        if input is not None:
            if kwargs.get('stdin') is not None:
                raise ValueError('stdin and input arguments may not both be used.')
            kwargs['stdin'] = PIPE
    
        if capture_output:
            if kwargs.get('stdout') is not None or kwargs.get('stderr') is not None:
                raise ValueError('stdout and stderr arguments may not be used '
                                 'with capture_output.')
            kwargs['stdout'] = PIPE
            kwargs['stderr'] = PIPE
    
        with Popen(*popenargs, **kwargs) as process:
            try:
                stdout, stderr = process.communicate(input, timeout=timeout)
            except TimeoutExpired as exc:
                process.kill()
                if _mswindows:
                    # Windows accumulates the output in a single blocking
                    # read() call run on child threads, with the timeout
                    # being done in a join() on those threads.  communicate()
                    # _after_ kill() is required to collect that and add it
                    # to the exception.
                    exc.stdout, exc.stderr = process.communicate()
                else:
                    # POSIX _communicate already populated the output so
                    # far into the TimeoutExpired exception.
                    process.wait()
                raise
            except:  # Including KeyboardInterrupt, communicate handled that.
                process.kill()
                # We don't call process.wait() as .__exit__ does that for us.
                raise
            retcode = process.poll()
            if check and retcode:
>               raise CalledProcessError(retcode, process.args,
                                         output=stdout, stderr=stderr)
E               subprocess.CalledProcessError: Command '['deep', 'commit', '-a', '-m', 'commit all']' returned non-zero exit status 1.

..\..\..\AppData\Local\Programs\Python\Python313\Lib\subprocess.py:577: CalledProcessError
---------------------------- Captured stdout call -----------------------------
Deep: added 1 files to the index.

Deep: Starting background maintenance...

Deep: Updating commit-graph...

Deep: Maintenance complete.

[main 312ca0d] initial

No changes to commit.

________________________ test_commit_amend_empty_fail _________________________

tmp_repo_with_init = WindowsPath('C:/Users/galh2/AppData/Local/Temp/pytest-of-galh2/pytest-2486/test_commit_amend_empty_fail0/.deep')

    def test_commit_amend_empty_fail(tmp_repo_with_init):
        """Verify deep commit --amend fails on empty repo."""
        repo_dir = tmp_repo_with_init.parent
        res = subprocess.run(["deep", "commit", "--amend", "-m", "fail"], cwd=str(repo_dir), capture_output=True, text=True)
        assert res.returncode != 0
>       assert "nothing to amend" in res.stderr.lower()
E       AssertionError: assert 'nothing to amend' in 'deep: error: nothing to commit (no staged changes).\n'
E        +  where 'deep: error: nothing to commit (no staged changes).\n' = <built-in method lower of str object at 0x000001C77EB1AD30>()
E        +    where <built-in method lower of str object at 0x000001C77EB1AD30> = 'Deep: error: nothing to commit (no staged changes).\n'.lower
E        +      where 'Deep: error: nothing to commit (no staged changes).\n' = CompletedProcess(args=['deep', 'commit', '--amend', '-m', 'fail'], returncode=1, stdout='', stderr='Deep: error: nothing to commit (no staged changes).\n').stderr

tests\cli\test_commit_flags_healing.py:123: AssertionError
=========================== short test summary info ===========================
FAILED tests/cli/test_commit_flags_healing.py::test_commit_all_flag - subproc...
FAILED tests/cli/test_commit_flags_healing.py::test_commit_amend_empty_fail
========================= 2 failed, 3 passed in 8.01s =========================
