============================= test session starts =============================
platform win32 -- Python 3.13.1, pytest-9.0.2, pluggy-1.6.0 -- C:\Users\galh2\AppData\Local\Programs\Python\Python313\python.exe
cachedir: .pytest_cache
rootdir: C:\Users\galh2\Documents\GitHub\DeepGit
configfile: pyproject.toml
plugins: anyio-4.8.0, cov-6.0.0, timeout-2.4.0, xdist-3.6.1
collecting ... collected 567 items / 1 error / 1 deselected / 566 selected

=================================== ERRORS ====================================
_____ ERROR collecting tests/integration/test_deep_push_compatibility.py ______
ImportError while importing test module 'C:\Users\galh2\Documents\GitHub\DeepGit\tests\integration\test_deep_push_compatibility.py'.
Hint: make sure your test modules/packages have valid Python names.
Traceback:
..\..\..\AppData\Local\Programs\Python\Python313\Lib\importlib\__init__.py:88: in import_module
    return _bootstrap._gcd_import(name[level:], package, level)
           ^^^^^^^^^^^^^^^^^^^^^^^^^^^^^^^^^^^^^^^^^^^^^^^^^^^^
tests\integration\test_deep_push_compatibility.py:15: in <module>
    from deep.network.client import DeepBridge
E   ImportError: cannot import name 'DeepBridge' from 'deep.network.client' (C:\Users\galh2\Documents\GitHub\DeepGit\src\deep\network\client.py)
=========================== short test summary info ===========================
ERROR tests/integration/test_deep_push_compatibility.py
!!!!!!!!!!!!!!!!!!! Interrupted: 1 error during collection !!!!!!!!!!!!!!!!!!!!
======================= 1 deselected, 1 error in 1.35s ========================
